[     780ms] Error: Minified React error #418; visit https://react.dev/errors/418 for the full message or use the non-minified dev environment for full errors and additional helpful warnings.
    at t5 (https://www.codetool.site/_next/static/chunks/fd9d1056-4b87d5bb1aa946b3.js:1:24670)
    at iZ (https://www.codetool.site/_next/static/chunks/fd9d1056-4b87d5bb1aa946b3.js:1:120535)
    at ia (https://www.codetool.site/_next/static/chunks/fd9d1056-4b87d5bb1aa946b3.js:1:95162)
    at https://www.codetool.site/_next/static/chunks/fd9d1056-4b87d5bb1aa946b3.js:1:91088
    at https://www.codetool.site/_next/static/chunks/fd9d1056-4b87d5bb1aa946b3.js:1:91095
    at oZ (https://www.codetool.site/_next/static/chunks/fd9d1056-4b87d5bb1aa946b3.js:1:91200)
    at MessagePort.T (https://www.codetool.site/_next/static/chunks/23-a62026deff354a00.js:1:83906)
[     783ms] Error: Minified React error #418; visit https://react.dev/errors/418 for the full message or use the non-minified dev environment for full errors and additional helpful warnings.
    at t5 (https://www.codetool.site/_next/static/chunks/fd9d1056-4b87d5bb1aa946b3.js:1:24670)
    at iZ (https://www.codetool.site/_next/static/chunks/fd9d1056-4b87d5bb1aa946b3.js:1:120535)
    at ia (https://www.codetool.site/_next/static/chunks/fd9d1056-4b87d5bb1aa946b3.js:1:95162)
    at https://www.codetool.site/_next/static/chunks/fd9d1056-4b87d5bb1aa946b3.js:1:91088
    at https://www.codetool.site/_next/static/chunks/fd9d1056-4b87d5bb1aa946b3.js:1:91095
    at oZ (https://www.codetool.site/_next/static/chunks/fd9d1056-4b87d5bb1aa946b3.js:1:91200)
    at MessagePort.T (https://www.codetool.site/_next/static/chunks/23-a62026deff354a00.js:1:83906)
[     783ms] Error: Minified React error #418; visit https://react.dev/errors/418 for the full message or use the non-minified dev environment for full errors and additional helpful warnings.
    at t5 (https://www.codetool.site/_next/static/chunks/fd9d1056-4b87d5bb1aa946b3.js:1:24670)
    at iZ (https://www.codetool.site/_next/static/chunks/fd9d1056-4b87d5bb1aa946b3.js:1:120535)
    at ia (https://www.codetool.site/_next/static/chunks/fd9d1056-4b87d5bb1aa946b3.js:1:95162)
    at https://www.codetool.site/_next/static/chunks/fd9d1056-4b87d5bb1aa946b3.js:1:91088
    at https://www.codetool.site/_next/static/chunks/fd9d1056-4b87d5bb1aa946b3.js:1:91095
    at oZ (https://www.codetool.site/_next/static/chunks/fd9d1056-4b87d5bb1aa946b3.js:1:91200)
    at MessagePort.T (https://www.codetool.site/_next/static/chunks/23-a62026deff354a00.js:1:83906)
[     783ms] Error: Minified React error #418; visit https://react.dev/errors/418 for the full message or use the non-minified dev environment for full errors and additional helpful warnings.
    at t5 (https://www.codetool.site/_next/static/chunks/fd9d1056-4b87d5bb1aa946b3.js:1:24670)
    at iZ (https://www.codetool.site/_next/static/chunks/fd9d1056-4b87d5bb1aa946b3.js:1:120535)
    at ia (https://www.codetool.site/_next/static/chunks/fd9d1056-4b87d5bb1aa946b3.js:1:95162)
    at https://www.codetool.site/_next/static/chunks/fd9d1056-4b87d5bb1aa946b3.js:1:91088
    at https://www.codetool.site/_next/static/chunks/fd9d1056-4b87d5bb1aa946b3.js:1:91095
    at oZ (https://www.codetool.site/_next/static/chunks/fd9d1056-4b87d5bb1aa946b3.js:1:91200)
    at MessagePort.T (https://www.codetool.site/_next/static/chunks/23-a62026deff354a00.js:1:83906)
[     783ms] Error: Minified React error #418; visit https://react.dev/errors/418 for the full message or use the non-minified dev environment for full errors and additional helpful warnings.
    at t5 (https://www.codetool.site/_next/static/chunks/fd9d1056-4b87d5bb1aa946b3.js:1:24670)
    at iZ (https://www.codetool.site/_next/static/chunks/fd9d1056-4b87d5bb1aa946b3.js:1:120535)
    at ia (https://www.codetool.site/_next/static/chunks/fd9d1056-4b87d5bb1aa946b3.js:1:95162)
    at https://www.codetool.site/_next/static/chunks/fd9d1056-4b87d5bb1aa946b3.js:1:91088
    at https://www.codetool.site/_next/static/chunks/fd9d1056-4b87d5bb1aa946b3.js:1:91095
    at oZ (https://www.codetool.site/_next/static/chunks/fd9d1056-4b87d5bb1aa946b3.js:1:91200)
    at MessagePort.T (https://www.codetool.site/_next/static/chunks/23-a62026deff354a00.js:1:83906)
[     783ms] Error: Minified React error #418; visit https://react.dev/errors/418 for the full message or use the non-minified dev environment for full errors and additional helpful warnings.
    at t5 (https://www.codetool.site/_next/static/chunks/fd9d1056-4b87d5bb1aa946b3.js:1:24670)
    at iZ (https://www.codetool.site/_next/static/chunks/fd9d1056-4b87d5bb1aa946b3.js:1:120535)
    at ia (https://www.codetool.site/_next/static/chunks/fd9d1056-4b87d5bb1aa946b3.js:1:95162)
    at https://www.codetool.site/_next/static/chunks/fd9d1056-4b87d5bb1aa946b3.js:1:91088
    at https://www.codetool.site/_next/static/chunks/fd9d1056-4b87d5bb1aa946b3.js:1:91095
    at oZ (https://www.codetool.site/_next/static/chunks/fd9d1056-4b87d5bb1aa946b3.js:1:91200)
    at MessagePort.T (https://www.codetool.site/_next/static/chunks/23-a62026deff354a00.js:1:83906)
[     783ms] Error: Minified React error #418; visit https://react.dev/errors/418 for the full message or use the non-minified dev environment for full errors and additional helpful warnings.
    at t5 (https://www.codetool.site/_next/static/chunks/fd9d1056-4b87d5bb1aa946b3.js:1:24670)
    at iZ (https://www.codetool.site/_next/static/chunks/fd9d1056-4b87d5bb1aa946b3.js:1:120535)
    at ia (https://www.codetool.site/_next/static/chunks/fd9d1056-4b87d5bb1aa946b3.js:1:95162)
    at https://www.codetool.site/_next/static/chunks/fd9d1056-4b87d5bb1aa946b3.js:1:91088
    at https://www.codetool.site/_next/static/chunks/fd9d1056-4b87d5bb1aa946b3.js:1:91095
    at oZ (https://www.codetool.site/_next/static/chunks/fd9d1056-4b87d5bb1aa946b3.js:1:91200)
    at MessagePort.T (https://www.codetool.site/_next/static/chunks/23-a62026deff354a00.js:1:83906)
[     783ms] Error: Minified React error #423; visit https://react.dev/errors/423 for the full message or use the non-minified dev environment for full errors and additional helpful warnings.
    at iZ (https://www.codetool.site/_next/static/chunks/fd9d1056-4b87d5bb1aa946b3.js:1:118349)
    at ia (https://www.codetool.site/_next/static/chunks/fd9d1056-4b87d5bb1aa946b3.js:1:95162)
    at https://www.codetool.site/_next/static/chunks/fd9d1056-4b87d5bb1aa946b3.js:1:94984
    at il (https://www.codetool.site/_next/static/chunks/fd9d1056-4b87d5bb1aa946b3.js:1:94991)
    at oJ (https://www.codetool.site/_next/static/chunks/fd9d1056-4b87d5bb1aa946b3.js:1:92347)
    at oZ (https://www.codetool.site/_next/static/chunks/fd9d1056-4b87d5bb1aa946b3.js:1:91766)
    at MessagePort.T (https://www.codetool.site/_next/static/chunks/23-a62026deff354a00.js:1:83906)
[    3029ms] [WARNING] AdSense head tag doesn't support data-nscript attribute. @ https://pagead2.googlesyndication.com/pagead/js/adsbygoogle.js?client=ca-pub-4188363142718866:301
